
> meowl-ui@0.0.0 build
> vite build

[36mvite v7.3.1 [32mbuilding client environment for production...[36m[39m
transforming...
[32mтЬУ[39m 1939 modules transformed.
