[0;92mWails CLI[0m [0;31mv2.11.0[0m


# [1;33m[1;33mBuild Options[0m
[1;33m[0m[0m
Platform(s)       [90m[90m | [0m[0mwindows/amd64                       
Compiler          [90m[90m | [0m[0mC:\Program Files\Go\bin\go.exe      
Skip Bindings     [90m[90m | [0m[0mfalse                               
Build Mode        [90m[90m | [0m[0mproduction                          
Devtools          [90m[90m | [0m[0mfalse                               
Frontend Directory[90m[90m | [0m[0mC:\Users\User\Desktop\meowl\frontend
Obfuscated        [90m[90m | [0m[0mfalse                               
Skip Frontend     [90m[90m | [0m[0mfalse                               
Compress          [90m[90m | [0m[0mfalse                               
Package           [90m[90m | [0m[0mtrue                                
Clean Bin Dir     [90m[90m | [0m[0mfalse                               
LDFlags           [90m[90m | [0m[0m                                    
Tags              [90m[90m | [0m[0m[]                                  
Race Detector     [90m[90m | [0m[0mfalse                               


# [1;33m[1;33mBuilding target: windows/amd64[0m
[1;33m[0m[0m
  [90m[90m•[0m[0m [39m[39mGenerating bindings: [0m[0m[30;101m[30;101m  ERROR  [0m[0m [91m[91m[0m[0m
[30;101m[30;101m         [0m[0m [91m[91m# meowl/backend[0m[0m
[30;101m[30;101m         [0m[0m [91m[91mbackend\proxy_engine.go:533:17: syntax error: unexpected = in composite literal; possibly missing comma or }[0m[0m
[30;101m[30;101m         [0m[0m [91m[91mbackend\proxy_engine.go:536:5: syntax error: non-declaration statement outside function body[0m[0m
[30;101m[30;101m         [0m[0m [91m[91m[0m[0m
[30;101m[30;101m         [0m[0m [91m[91mexit status 1[0m[0m

[30;101m[30;101m  ERROR  [0m[0m [91m[91m[0m[0m
[30;101m[30;101m         [0m[0m [91m[91m# meowl/backend[0m[0m
[30;101m[30;101m         [0m[0m [91m[91mbackend\proxy_engine.go:533:17: syntax error: unexpected = in composite literal; possibly missing comma or }[0m[0m
[30;101m[30;101m         [0m[0m [91m[91mbackend\proxy_engine.go:536:5: syntax error: non-declaration statement outside function body[0m[0m
[30;101m[30;101m         [0m[0m [91m[91m[0m[0m
[30;101m[30;101m         [0m[0m [91m[91mexit status 1[0m[0m
[31;107m[31;107m ♥  [0m[0m [92m[92mIf Wails is useful to you or your company, please consider sponsoring the project:[0m[0m
https://github.com/sponsors/leaanthony
