============================================================
ЁЯФи FULL REBUILD (exe)
============================================================

ЁЯФН Checking dependencies...
  тЬУ Go
  тЬУ Node.js
  тЬУ npm
  тЬУ Python
тЬУ All dependencies found

ЁЯз╣ Cleaning build artifacts...
python.exe : Traceback 
(most recent call 
last):
строка:1 знак:1
+ & C:/Python314/python
.exe c:/Users/User/Desk
top/meowl/meowl.py 
--rebu ...
+ ~~~~~~~~~~~~~~~~~~~~~
~~~~~~~~~~~~~~~~~~~~~~~
~~~~~~~~~~~~~~~~~~~~~~~
~~
    + CategoryInfo     
         : NotSpecifi  
  ed: (Traceback (mo   
 st recent call las    
t)::String) [], Re    
moteException
    + FullyQualifiedEr 
   rorId : NativeComm  
  andError
 
  File "c:\Users\User\D
esktop\meowl\meowl.py",
 line 322, in <module>
    main()
    ~~~~^^
  File "c:\Users\User\D
esktop\meowl\meowl.py",
 line 298, in main
    success = builder.r
ebuild(output_format)
  File "c:\Users\User\D
esktop\meowl\meowl.py",
 line 215, in rebuild
    self.clean()
    ~~~~~~~~~~^^
  File "c:\Users\User\D
esktop\meowl\meowl.py",
 line 201, in clean
    shutil.rmtree(build
_dir)
    ~~~~~~~~~~~~~^^^^^^
^^^^^
  File "C:\Python314\Li
b\shutil.py", line 
852, in rmtree
    _rmtree_impl(path, 
dir_fd, onexc)
    ~~~~~~~~~~~~^^^^^^^
^^^^^^^^^^^^^^
  File "C:\Python314\Li
b\shutil.py", line 
705, in _rmtree_unsafe
    onexc(os.unlink, 
fullname, err)
    ~~~~~^^^^^^^^^^^^^^
^^^^^^^^^^^^
  File "C:\Python314\Li
b\shutil.py", line 
701, in _rmtree_unsafe
    os.unlink(fullname)
    ~~~~~~~~~^^^^^^^^^^
PermissionError: 
[WinError 5] ╬Єърчрэю 
т фюёЄєях: 'c:\\Users\\
User\\Desktop\\meowl\\b
uild\\bin\\meowl.exe'
